// Jest Snapshot v1, https://goo.gl/fbAQLP

exports[`Provider must  1`] = `<div />`;
