// Jest Snapshot v1, https://goo.gl/fbAQLP

exports[`redux connect must return class extends by react 1`] = `null`;
